token	\257 	yytext L	yyleng 1	yylval 0
token	'#' 	yytext #	yyleng 1	yylval 0
token	'-' 	yytext -	yyleng 1	yylval 0
token	\257 	yytext das	yyleng 3	yylval 0
token	\0 	yytext 	yyleng 1	yylval 0
