token	\256 	yytext 101	yyleng 3	yylval 101
token	\257 	yytext zaz	yyleng 3	yylval 101
token	\0 	yytext 	yyleng 1	yylval 101
