
Fatal error: number 111111111111111111111111111111111xb is too big
