token	\257 	yytext abcd	yyleng 4	yylval 0
token	\0 	yytext 	yyleng 1	yylval 0
